#-----------------------------------------------------------
# Vivado v2016.1 (64-bit)
# SW Build 1538259 on Fri Apr  8 15:45:27 MDT 2016
# IP Build 1537824 on Fri Apr  8 04:28:57 MDT 2016
# Start of session at: Fri Mar 15 13:43:00 2019
# Process ID: 7888
# Current directory: D:/sfpe/projects/generated_VHDL_testing
# Command line: vivado.exe -gui_launcher_event rodinguilauncherevent4760 D:\sfpe\projects\generated_VHDL_testing\enerated_VHDL_testing.xpr
# Log file: D:/sfpe/projects/generated_VHDL_testing/vivado.log
# Journal file: D:/sfpe/projects/generated_VHDL_testing\vivado.jou
#-----------------------------------------------------------
start_gui
open_project D:/sfpe/projects/generated_VHDL_testing/enerated_VHDL_testing.xpr
update_compile_order -fileset sources_1
remove_files {D:/sfpe/projects/generated_VHDL_testing/src/sFPE.vhd D:/sfpe/projects/generated_VHDL_testing/src/sFPE_comm_get.vhd D:/sfpe/projects/generated_VHDL_testing/src/reg_FF20.vhd D:/sfpe/projects/generated_VHDL_testing/src/reg_TF20.vhd D:/sfpe/projects/generated_VHDL_testing/src/reg_TFEA.vhd}
update_compile_order -fileset sources_1
update_compile_order -fileset sim_1
update_compile_order -fileset sources_1
remove_files {D:/sfpe/projects/generated_VHDL_testing/src/sFPE_reg_file.vhd D:/sfpe/projects/generated_VHDL_testing/src/sFPE_comm_put.vhd D:/sfpe/projects/generated_VHDL_testing/src/priority_mux_3.vhd D:/sfpe/projects/generated_VHDL_testing/src/priority_mux_4.vhd D:/sfpe/projects/generated_VHDL_testing/src/sFPE_status_reg.vhd}
update_compile_order -fileset sources_1
update_compile_order -fileset sim_1
update_compile_order -fileset sources_1
remove_files {D:/sfpe/projects/generated_VHDL_testing/src/sFPE_ALU.vhd D:/sfpe/projects/generated_VHDL_testing/src/sFPE_IMM.vhd D:/sfpe/projects/generated_VHDL_testing/src/sFPE_data_mem.vhd D:/sfpe/projects/generated_VHDL_testing/src/sFPE_delay.vhd D:/sfpe/projects/generated_VHDL_testing/src/sFPE_instr_decoder.vhd D:/sfpe/projects/generated_VHDL_testing/src/sFPE_prog_counter.vhd D:/sfpe/projects/generated_VHDL_testing/src/sFPE_prog_mem.vhd}
remove_files {D:/sfpe/projects/generated_VHDL_testing/src/demux_4.vhd D:/sfpe/projects/generated_VHDL_testing/src/mux_4.vhd D:/sfpe/projects/generated_VHDL_testing/src/reg_FFEA.vhd}
update_compile_order -fileset sources_1
update_compile_order -fileset sim_1
add_files D:/sfpe/projects/generated_VHDL_testing/src
update_compile_order -fileset sources_1
update_compile_order -fileset sim_1
update_compile_order -fileset sources_1
update_compile_order -fileset sources_1
update_compile_order -fileset sources_1
update_compile_order -fileset sources_1
update_compile_order -fileset sources_1
reset_run synth_1
launch_runs synth_1 -jobs 4
wait_on_run synth_1
reset_run synth_1
launch_runs synth_1 -jobs 4
wait_on_run synth_1
reset_run synth_1
launch_runs synth_1 -jobs 4
wait_on_run synth_1
set_property file_type {VHDL 2008} [get_files *]
reset_run synth_1
launch_runs synth_1 -jobs 4
wait_on_run synth_1
reset_run synth_1
launch_runs synth_1 -jobs 4
wait_on_run synth_1
reset_run synth_1
launch_runs synth_1 -jobs 4
wait_on_run synth_1
reset_run synth_1
launch_runs synth_1 -jobs 4
wait_on_run synth_1
reset_run synth_1
launch_runs synth_1 -jobs 4
wait_on_run synth_1
reset_run synth_1
launch_runs synth_1 -jobs 4
wait_on_run synth_1
reset_run synth_1
launch_runs synth_1 -jobs 4
wait_on_run synth_1
reset_run synth_1
launch_runs synth_1 -jobs 4
wait_on_run synth_1
reset_run synth_1
launch_runs synth_1 -jobs 4
wait_on_run synth_1
reset_run synth_1
launch_runs synth_1 -jobs 4
wait_on_run synth_1
reset_run synth_1
launch_runs synth_1 -jobs 4
wait_on_run synth_1
reset_run synth_1
launch_runs synth_1 -jobs 4
wait_on_run synth_1
reset_run synth_1
launch_runs synth_1 -jobs 4
wait_on_run synth_1
reset_run synth_1
launch_runs synth_1 -jobs 4
wait_on_run synth_1
reset_run synth_1
launch_runs synth_1 -jobs 4
wait_on_run synth_1
reset_run synth_1
launch_runs synth_1 -jobs 4
wait_on_run synth_1
reset_run synth_1
launch_runs synth_1 -jobs 4
wait_on_run synth_1
reset_run synth_1
launch_runs synth_1 -jobs 4
wait_on_run synth_1
reset_run synth_1
launch_runs synth_1 -jobs 4
wait_on_run synth_1
reset_run synth_1
launch_runs synth_1 -jobs 4
wait_on_run synth_1
reset_run synth_1
launch_runs synth_1 -jobs 4
wait_on_run synth_1
reset_run synth_1
launch_runs synth_1 -jobs 4
wait_on_run synth_1
reset_run synth_1
launch_runs synth_1 -jobs 4
wait_on_run synth_1
reset_run synth_1
launch_runs synth_1 -jobs 4
wait_on_run synth_1
reset_run synth_1
launch_runs synth_1 -jobs 4
wait_on_run synth_1
reset_run synth_1
launch_runs synth_1 -jobs 4
wait_on_run synth_1
reset_run synth_1
launch_runs synth_1 -jobs 4
wait_on_run synth_1
reset_run synth_1
launch_runs synth_1 -jobs 4
wait_on_run synth_1
reset_run synth_1
launch_runs synth_1 -jobs 4
wait_on_run synth_1
reset_run synth_1
launch_runs synth_1 -jobs 4
wait_on_run synth_1
reset_run synth_1
launch_runs synth_1 -jobs 4
wait_on_run synth_1
update_compile_order -fileset sources_1
reset_run synth_1
launch_runs synth_1 -jobs 4
wait_on_run synth_1
update_compile_order -fileset sources_1
reset_run synth_1
launch_runs synth_1 -jobs 4
wait_on_run synth_1
reset_run synth_1
launch_runs synth_1 -jobs 4
wait_on_run synth_1
reset_run synth_1
launch_runs synth_1 -jobs 4
wait_on_run synth_1
reset_run synth_1
launch_runs synth_1 -jobs 4
wait_on_run synth_1
reset_run synth_1
launch_runs synth_1 -jobs 4
wait_on_run synth_1
reset_run synth_1
launch_runs synth_1 -jobs 4
wait_on_run synth_1
reset_run synth_1
launch_runs synth_1 -jobs 4
wait_on_run synth_1
reset_run synth_1
launch_runs synth_1 -jobs 4
wait_on_run synth_1
reset_run synth_1
launch_runs synth_1 -jobs 4
wait_on_run synth_1
reset_run synth_1
launch_runs synth_1 -jobs 4
wait_on_run synth_1
reset_run synth_1
launch_runs synth_1 -jobs 4
wait_on_run synth_1
reset_run synth_1
launch_runs synth_1 -jobs 4
wait_on_run synth_1
reset_run synth_1
launch_runs synth_1 -jobs 4
wait_on_run synth_1
reset_run synth_1
launch_runs synth_1 -jobs 4
wait_on_run synth_1
reset_run synth_1
launch_runs synth_1 -jobs 4
wait_on_run synth_1
update_compile_order -fileset sources_1
reset_run synth_1
launch_runs synth_1 -jobs 4
wait_on_run synth_1
reset_run synth_1
launch_runs synth_1 -jobs 4
wait_on_run synth_1
reset_run synth_1
launch_runs synth_1 -jobs 4
wait_on_run synth_1
reset_run synth_1
launch_runs synth_1 -jobs 4
wait_on_run synth_1
reset_run synth_1
launch_runs synth_1 -jobs 4
wait_on_run synth_1
reset_run synth_1
launch_runs synth_1 -jobs 4
wait_on_run synth_1
reset_run synth_1
launch_runs synth_1 -jobs 4
wait_on_run synth_1
reset_run synth_1
launch_runs synth_1 -jobs 4
wait_on_run synth_1
reset_run synth_1
launch_runs synth_1 -jobs 4
wait_on_run synth_1
reset_run synth_1
launch_runs synth_1 -jobs 4
wait_on_run synth_1
reset_run synth_1
launch_runs synth_1 -jobs 4
wait_on_run synth_1
reset_run synth_1
launch_runs synth_1 -jobs 4
wait_on_run synth_1
reset_run synth_1
launch_runs synth_1 -jobs 4
wait_on_run synth_1
reset_run synth_1
launch_runs synth_1 -jobs 4
wait_on_run synth_1
reset_run synth_1
launch_runs synth_1 -jobs 4
wait_on_run synth_1
reset_run synth_1
launch_runs synth_1 -jobs 4
wait_on_run synth_1
reset_run synth_1
launch_runs synth_1 -jobs 4
wait_on_run synth_1
reset_run synth_1
launch_runs synth_1 -jobs 4
wait_on_run synth_1
reset_run synth_1
launch_runs synth_1 -jobs 4
wait_on_run synth_1
reset_run synth_1
launch_runs synth_1 -jobs 4
wait_on_run synth_1
reset_run synth_1
launch_runs synth_1 -jobs 4
wait_on_run synth_1
update_compile_order -fileset sources_1
reset_run synth_1
launch_runs synth_1 -jobs 4
wait_on_run synth_1
reset_run synth_1
launch_runs synth_1 -jobs 4
wait_on_run synth_1
update_compile_order -fileset sources_1
reset_run synth_1
launch_runs synth_1 -jobs 4
wait_on_run synth_1
reset_run synth_1
launch_runs synth_1 -jobs 4
wait_on_run synth_1
reset_run synth_1
launch_runs synth_1 -jobs 4
wait_on_run synth_1
update_compile_order -fileset sources_1
reset_run synth_1
launch_runs synth_1 -jobs 4
wait_on_run synth_1
reset_run synth_1
launch_runs synth_1 -jobs 4
wait_on_run synth_1
reset_run synth_1
launch_runs synth_1 -jobs 4
wait_on_run synth_1
